aria2 http://download.opensuse.org/repositories/home:/nandub:/MyAppImages/AppImage/aria2-latest-x86_64.AppImage
Avidemux http://www.avidemux.org/nightly/appImage/avidemuxUniversal_amd64_170814_112.app
blubVolley https://www.blub-game.com/d/linux64/blubVolley.AppImage
bscc https://ftp.brainsick.cc/pub/brainsick/bscc/v0.2.1/bscc-x86_64.AppImage
Cantata https://dl.opendesktop.org/api/files/download/id/1485789691/Cantata-2.0.1-x86_64.AppImage
carrot-man https://w3g3a5v6.ssl.hwcdn.net/upload2/game/103038/336578?GoogleAccessId=507810471102@developer.gserviceaccount.com&Expires=1503077834&Signature=NSYPG%2BkIUcaRPBlPAc15LuwpaU8dyvVg3oxmhqQQFsZz5EZDWRhkXw%2BhgJmO3YBatUzddOCWFQw74UotyejxmisbrmeOtZltymQ7Mk1%2FSC2wsHd3nesYcAnqkMOP%2Bn5QMNce9LMgiViiiCgK4rnGnhcJUHZT5Spi1OnS4VAk%2B8U=&hwexp=1503078094&hwsig=b782d9d0cc39a126e7f4a1b5db855a5f
Cura https://software.ultimaker.com/current/Cura-2.6.2.AppImage
CuteReport https://sourceforge.net/projects/qreport/files/Linux/CuteReport-GPL-1.3.2.AppImage/download
dbKoda https://s3-us-west-1.amazonaws.com/uswest-nc.release.dbkoda/dbkoda-latest.AppImage
digiKam https://download.kde.org/stable/digikam/digikam-5.6.0-01-x86-64.appimage
Drawpile https://drawpile.net/files/appimage/Drawpile-2.0.5.1.AppImage
EaselDriver http://download.opensuse.org/repositories/home:/mastercactapus/AppImage/EaselDriver-0.3.8-latest-x86_64.AppImage
emu-player https://downloads.emustream.tv/emu-player-64-1.0.5.appimage
evothings-studio https://s3-eu-west-1.amazonaws.com/evothings-download/evothings-studio-2.2.0-beta7.AppImage
flexVDI http://depot.flexvdi.com/clients/linux-x86_64/flexvdi-linux-client-2.2.12-3-x86_64.AppImage
Freeter https://freeter.io/download/Freeter.AppImage
Godot  https://dl.bintray.com/calinou/godot/Godot-Linux-x86_64-2017-08-18.445b0ab.AppImage
IBM_DSX_Desktop https://dsx-private-cloud.mybluemix.net/public/desktop/IBM_DSX_Desktop.AppImage
ipe https://dl.bintray.com/otfried/generic/ipe/7.2/ipe-7.2.7-x86_64.AppImage
Kate http://download.kde.org/unstable/kate/Kate-16.08-x86_64.AppImage
Kdenlive https://download.kde.org/stable/kdenlive/16.12/linux/Kdenlive-16.12-x86_64.AppImage
Kdevelop https://download.kde.org/stable/kdevelop/5.1.1/bin/linux/KDevelop-5.1.1-x86_64.AppImage
Krita https://download.kde.org/stable/krita/3.1.4/krita-3.1.4-x86_64.appimage
ldview http://download.opensuse.org/repositories/home:/pbartfai/AppImage/ldview-latest-x86_64.AppImage
LibreOfficeDev http://libreoffice.soluzioniopen.com/daily/LibreOfficeDev-6.0.0.0.alpha0_2017-08-18-x86_64.AppImage
LibrePCB-Nightly https://dl.bintray.com/librepcb/LibrePCB-Nightly/LibrePCB-Nightly-Linux-x86_64.AppImage
LiveZilla http://www.livezilla.net/downloads/pubfiles/livezilla_app_linux_x64_1.1.0.AppImage
mandelbulber2 http://download.opensuse.org/repositories/home:/lachs0r:/mandelbulber2/AppImage/mandelbulber2-latest-x86_64.AppImage
MedleyText https://s3.amazonaws.com/medleytext/releases/medley-latest.AppImage
MIRTK https://dl.bintray.com/schuhschuh/AppImages/MIRTK-latest-x86_64-glibc2.14.AppImage
mockoon https://releases.mockoon.com/mockoon-0.1.0-x86_64.AppImage
MrWriter https://dl.bintray.com/unruhschuh/generic/MrWriter-0.0.3-x86_64.AppImage
ms-teams-capsule https://dl.karmainside.com/ms-teams-capsule/ms-teams-capsule-latest-x86_64.AppImage
MuseScore https://ftp.osuosl.org/pub/musescore/releases/MuseScore-2.1/MuseScore-2.1-x86_64.AppImage
nbb https://files.kuudere.moe/nbb/linux/nbb-1.0.1-x86_64.AppImage
Nextcloud https://download.nextcloud.com/desktop/releases/Linux/Nextcloud-2.3.2-x86_64.AppImage
Nootka https://sourceforge.net/projects/nootka/files/Nootka-1.4.3/nootka-1.4.3-x86_64.AppImage/download
ocsstore https://transfer.sh/vOVmL/ocsstore-2.2.0-1-x86_64.AppImage
OpenTodoList https://www.rpdev.net/public/appimages/linux/x86_64/OpenTodoList-stable.AppImage
OpenXcom http://knapsu.eu/openxcom/OpenXcom_1.0_x86-64.AppImage
Optifmus https://gitlab.com/ciemat-psa/Optifmus/tree/master/bin/linux/Optifmus-0.1.0-x86_64.AppImage
otter-browser https://sourceforge.net/projects/otter-browser/files/latest/download?source=files
ownCloud http://download.opensuse.org/repositories/home:/ocfreitag/AppImage/owncloud-client-latest-x86_64.AppImage
Peruse https://download.kde.org/stable/peruse/Peruse-1.2-x86_64.AppImage
Pomello https://pomelloapp.com/download/linux?package=appimage&arch=64
PrusaControl http://prusacontrol.org/update/linux
QjackCtl http://download.opensuse.org/repositories/home:/rncbc/AppImage/qjackctl-latest-x86_64.AppImage
QmidiCtl http://download.opensuse.org/repositories/home:/rncbc/AppImage/qmidictl-latest-x86_64.AppImage
QmidiNet http://download.opensuse.org/repositories/home:/rncbc/AppImage/qmidinet-latest-x86_64.AppImage
QOwnNotes https://download.opensuse.org/repositories/home:/pbek:/QOwnNotes/AppImage/QOwnNotes-latest-x86_64.AppImage
Qsynth http://download.opensuse.org/repositories/home:/rncbc/AppImage/qsynth-latest-x86_64.AppImage
Qtractor http://download.opensuse.org/repositories/home:/rncbc/AppImage/qtractor-latest-x86_64.AppImage
QupZilla https://www.qupzilla.com/startdownload?appimage
QXGEdit http://download.opensuse.org/repositories/home:/rncbc/AppImage/qxgedit-latest-x86_64.AppImage
Red_Eclipse-Development https://download.assassinate-you.net/red-eclipse/appimage/latest/redeclipse-master-x86_64.AppImage
Red_Eclipse-stable https://download.assassinate-you.net/red-eclipse/appimage/latest/redeclipse-stable-x86_64.AppImage
Repetier-Host http://download.repetier.com/files/host/linux/Repetier-Host-x86_64-2.0.5.AppImage
Ricin https://cdn.konv.im/linux/ricin-0.2.8-glibc2.14-x86-64.appimage
RPCS3 https://rpcs3.net/cdn/builds/rpcs3-v0.0.3-2017-08-18-d6329ea-7707_linux64.AppImage
ScreenCloud http://download.opensuse.org/repositories/home:/olav-st:/branches:/OBS:/AppImage:/Templates/AppImage/screencloud-latest-x86_64.AppImage
Scribus https://transfer.sh/JjAuJ/Scribus-git5a088ba-glibc2.14.glibc2.14-x86_64.AppImage
SerialPlot https://bitbucket.org/hyOzd/serialplot/downloads/serialplot-0.9.1-x86_64.AppImage
Sigrok https://sigrok.org/jenkins/job/sigrok-native-appimage/platform=native-amd64/lastSuccessfulBuild/artifact/cross-compile/appimage/out/PulseView-NIGHTLY.glibc2.14-x86_64.AppImage
Sky https://tel.red/linux/sky-latest-x86_64.AppImage
Skycoin http://downloads.skycoin.net/wallet/skycoin-0.19.0-gui-linux-x64.AppImage
Snoost http://app.snoost.com/client/linux/latest/download/
StopGo http://makerbox.org.nz/software/stopgo/stopgo-0.0.9/stopgo.AppImage
Stremio http://dl.strem.io/linux/v4.0.0-beta.25/Stremio+4.0.0-beta.25.appimage
Subsurface https://subsurface-divelog.org/downloads/Subsurface-4.6.4-x86_64.AppImage
superProductivity http://super-productivity.com/downloads/superProductivity-latest-x86_64.AppImage
Sylk http://download.ag-projects.com/Sylk/Sylk-latest-x86_64.AppImage
SynfigStudio https://sourceforge.net/projects/synfig/files/snapshots/1.3.4-20170810/SynfigStudio-1.3.4-testing-17.08.10-linux64-9fecd.appimage/download
TagFlow http://www.tagflow.io/download/linux/appimage/64
taisei http://download.opensuse.org/repositories/home:/lachs0r:/taisei/AppImage/taisei-latest-x86_64.AppImage
TeXstudio https://dl.bintray.com/unruhschuh/AppImages/TeXstudio-2.10.8-x86_64.AppImage
tubCloud https://updates.tubcloud.tu-berlin.de/clients/linux/64/tubCloud-latest.x86_64.AppImage
VidCutter https://api.github.com/repos/ozmartian/vidcutter/releases/latest
VLC https://api.github.com/repos/darealshinji/vlc-AppImage/releases/tags/continuous
wastesedge http://download.savannah.gnu.org/releases/adonthell/wastesedge-0.3.6-x86_64-linux.tar.gz
xlights https://www.adebenham.com/wp-content/uploads/xlights/xLights-2017.23.glibc2.17-x86_64.AppImage
XnViewMP http://download.xnview.com/XnViewMP.glibc2.14-x86_64.AppImage
