amphetype2 https://api.github.com/repos/coryo/amphetype2/releases/latest
belle https://api.github.com/repos/fr33mind/Belle/releases/latest
billy https://api.github.com/repos/haimich/billy/releases/latest
bnb https://api.github.com/repos/layerssss/bnb/releases/latest
calculist-desktop https://api.github.com/repos/calculist/calculist-desktop/releases/latest
caprine https://api.github.com/repos/sindresorhus/caprine/releases/latest
cerebral-debugger https://api.github.com/repos/cerebral/cerebral-debugger/releases/latest
cumulus-qt https://api.github.com/repos/vadrian89/cumulus-qt/releases/latest
dat-desktop https://api.github.com/repos/datproject/dat-desktop/releases/latest
dedop-studio https://api.github.com/repos/DeDop/dedop-studio/releases/latest
devrantron https://api.github.com/repos/tahnik/devRantron/releases/latest
embedded-ide-builder https://api.github.com/repos/martinribelotta/embedded-ide-builder/releases/latest
emoty https://api.github.com/repos/Emotyco/Emoty-Desktop/releases/latest
epl-viz https://api.github.com/repos/epl-viz/EPL-Viz/releases/latest
eyestalker https://api.github.com/repos/tbrouns/eyestalker/releases/latest
fifa-autobuyer https://api.github.com/repos/hunterjm/fifa-autobuyer/releases/latest
filmulator-gui https://api.github.com/repos/CarVac/filmulator-gui/releases/latest
glorious-glacier-grotto https://api.github.com/repos/Vladar4/ng2gggrotto/releases/latest
gvim https://api.github.com/repos/vim/vim-appimage/releases/latest
home_assistant https://api.github.com/repos/matthinc/HomeAssistantElectron/releases/latest
imagine https://api.github.com/repos/meowtec/Imagine/releases/latest
labpowerqt https://api.github.com/repos/crapp/labpowerqt/releases/latest
langly https://api.github.com/repos/christofferok/langly/releases/latest
lepton https://api.github.com/repos/hackjutsu/Lepton/releases/latest
manga-viewer https://api.github.com/repos/shizkun/manga-viewer/releases/latest
medium-desktop https://api.github.com/repos/ex0dus-0x/medium-desktop/releases/latest
mellowplayer https://api.github.com/repos/ColinDuquesnoy/MellowPlayer/releases/latest
misrcon https://api.github.com/repos/csprance/MisRCON/releases/latest
mki3dgame https://api.github.com/repos/mki1967/mki3dgame/releases/latest
neovim https://api.github.com/repos/neovim/neovim/releases/latest
nfeh https://api.github.com/repos/fa7ad/nfeh/releases/latest
openblok https://api.github.com/repos/mmatyas/openblok/releases/latest
pb-for-desktop https://api.github.com/repos/sidneys/pb-for-desktop/releases/latest
popcorn-time-desktop https://api.github.com/repos/amilajack/popcorn-time-desktop/releases/latest
rambox https://api.github.com/repos/saenzramiro/rambox/releases/latest
sabaki https://api.github.com/repos/yishn/Sabaki/releases/latest
spotify https://api.github.com/repos/Quacky2200/Spotify-Web-Player-for-Linux/releases/latest
steam-rom-manager https://api.github.com/repos/FrogTheFrog/steam-rom-manager/releases/latest
stretchly https://api.github.com/repos/hovancik/stretchly/releases/latest
vterm https://api.github.com/repos/vterm/vterm/releases/latest
whatsdesktop https://api.github.com/repos/mawie81/whatsdesktop/releases/latest
