aria2 aria2 http://download.opensuse.org/repositories/home:/nandub:/MyAppImages/AppImage/aria2-latest-x86_64.AppImage
avidemux Avidemux http://www.avidemux.org/nightly/appImage/avidemuxUniversal_amd64_170814_112.app
blubvolley blubVolley https://www.blub-game.com/d/linux64/blubVolley.AppImage
bscc bscc https://ftp.brainsick.cc/pub/brainsick/bscc/v0.2.1/bscc-x86_64.AppImage
cantata Cantata https://dl.opendesktop.org/api/files/download/id/1485789691/Cantata-2.0.1-x86_64.AppImage
carrot-man carrot-man https://w3g3a5v6.ssl.hwcdn.net/upload2/game/103038/336578?GoogleAccessId=507810471102@developer.gserviceaccount.com&Expires=1503077834&Signature=NSYPG%2BkIUcaRPBlPAc15LuwpaU8dyvVg3oxmhqQQFsZz5EZDWRhkXw%2BhgJmO3YBatUzddOCWFQw74UotyejxmisbrmeOtZltymQ7Mk1%2FSC2wsHd3nesYcAnqkMOP%2Bn5QMNce9LMgiViiiCgK4rnGnhcJUHZT5Spi1OnS4VAk%2B8U=&hwexp=1503078094&hwsig=b782d9d0cc39a126e7f4a1b5db855a5f
cura Cura https://software.ultimaker.com/current/Cura-2.6.2.AppImage
cutereport CuteReport https://sourceforge.net/projects/qreport/files/Linux/CuteReport-GPL-1.3.2.AppImage/download
dbkoda dbKoda https://s3-us-west-1.amazonaws.com/uswest-nc.release.dbkoda/dbkoda-latest.AppImage
digikam digiKam https://download.kde.org/stable/digikam/digikam-5.6.0-01-x86-64.appimage
drawpile Drawpile https://drawpile.net/files/appimage/Drawpile-2.0.5.1.AppImage
easeldriver EaselDriver http://download.opensuse.org/repositories/home:/mastercactapus/AppImage/EaselDriver-0.3.8-latest-x86_64.AppImage
emu-player emu-player https://downloads.emustream.tv/emu-player-64-1.0.5.appimage
evothings-studio evothings-studio https://s3-eu-west-1.amazonaws.com/evothings-download/evothings-studio-2.2.0-beta7.AppImage
flexvdi flexVDI http://depot.flexvdi.com/clients/linux-x86_64/flexvdi-linux-client-2.2.12-3-x86_64.AppImage
freeter Freeter https://freeter.io/download/Freeter.AppImage
godot Godot  https://dl.bintray.com/calinou/godot/Godot-Linux-x86_64-2017-08-18.445b0ab.AppImage
ibm_dsx_desktop IBM_DSX_Desktop https://dsx-private-cloud.mybluemix.net/public/desktop/IBM_DSX_Desktop.AppImage
ipe ipe https://dl.bintray.com/otfried/generic/ipe/7.2/ipe-7.2.7-x86_64.AppImage
kate Kate http://download.kde.org/unstable/kate/Kate-16.08-x86_64.AppImage
kdenlive Kdenlive https://download.kde.org/stable/kdenlive/16.12/linux/Kdenlive-16.12-x86_64.AppImage
kdevelop Kdevelop https://download.kde.org/stable/kdevelop/5.1.1/bin/linux/KDevelop-5.1.1-x86_64.AppImage
krita Krita https://download.kde.org/stable/krita/3.1.4/krita-3.1.4-x86_64.appimage
ldview ldview http://download.opensuse.org/repositories/home:/pbartfai/AppImage/ldview-latest-x86_64.AppImage
libreofficedev LibreOfficeDev http://libreoffice.soluzioniopen.com/daily/LibreOfficeDev-6.0.0.0.alpha0_2017-08-18-x86_64.AppImage
librepcb-nightly LibrePCB-Nightly https://dl.bintray.com/librepcb/LibrePCB-Nightly/LibrePCB-Nightly-Linux-x86_64.AppImage
livezilla LiveZilla http://www.livezilla.net/downloads/pubfiles/livezilla_app_linux_x64_1.1.0.AppImage
mandelbulber2 mandelbulber2 http://download.opensuse.org/repositories/home:/lachs0r:/mandelbulber2/AppImage/mandelbulber2-latest-x86_64.AppImage
medleytext MedleyText https://s3.amazonaws.com/medleytext/releases/medley-latest.AppImage
mirtk MIRTK https://dl.bintray.com/schuhschuh/AppImages/MIRTK-latest-x86_64-glibc2.14.AppImage
mockoon mockoon https://releases.mockoon.com/mockoon-0.1.0-x86_64.AppImage
mrwriter MrWriter https://dl.bintray.com/unruhschuh/generic/MrWriter-0.0.3-x86_64.AppImage
ms-teams-capsule ms-teams-capsule https://dl.karmainside.com/ms-teams-capsule/ms-teams-capsule-latest-x86_64.AppImage
musescore MuseScore https://ftp.osuosl.org/pub/musescore/releases/MuseScore-2.1/MuseScore-2.1-x86_64.AppImage
nbb nbb https://files.kuudere.moe/nbb/linux/nbb-1.0.1-x86_64.AppImage
nextcloud Nextcloud https://download.nextcloud.com/desktop/releases/Linux/Nextcloud-2.3.2-x86_64.AppImage
nootka Nootka https://sourceforge.net/projects/nootka/files/Nootka-1.4.3/nootka-1.4.3-x86_64.AppImage/download
ocsstore ocsstore https://transfer.sh/vOVmL/ocsstore-2.2.0-1-x86_64.AppImage
opentodolist OpenTodoList https://www.rpdev.net/public/appimages/linux/x86_64/OpenTodoList-stable.AppImage
openxcom OpenXcom http://knapsu.eu/openxcom/OpenXcom_1.0_x86-64.AppImage
optifmus Optifmus https://gitlab.com/ciemat-psa/Optifmus/tree/master/bin/linux/Optifmus-0.1.0-x86_64.AppImage
otter-browser otter-browser https://sourceforge.net/projects/otter-browser/files/latest/download?source=files
owncloud ownCloud http://download.opensuse.org/repositories/home:/ocfreitag/AppImage/owncloud-client-latest-x86_64.AppImage
peruse Peruse https://download.kde.org/stable/peruse/Peruse-1.2-x86_64.AppImage
pomello Pomello https://pomelloapp.com/download/linux?package=appimage&arch=64
prusacontrol PrusaControl http://prusacontrol.org/update/linux
qjackctl QjackCtl http://download.opensuse.org/repositories/home:/rncbc/AppImage/qjackctl-latest-x86_64.AppImage
qmidictl QmidiCtl http://download.opensuse.org/repositories/home:/rncbc/AppImage/qmidictl-latest-x86_64.AppImage
qmidinet QmidiNet http://download.opensuse.org/repositories/home:/rncbc/AppImage/qmidinet-latest-x86_64.AppImage
qownnotes QOwnNotes https://download.opensuse.org/repositories/home:/pbek:/QOwnNotes/AppImage/QOwnNotes-latest-x86_64.AppImage
qsynth Qsynth http://download.opensuse.org/repositories/home:/rncbc/AppImage/qsynth-latest-x86_64.AppImage
qtractor Qtractor http://download.opensuse.org/repositories/home:/rncbc/AppImage/qtractor-latest-x86_64.AppImage
qupzilla QupZilla https://www.qupzilla.com/startdownload?appimage
qxgedit QXGEdit http://download.opensuse.org/repositories/home:/rncbc/AppImage/qxgedit-latest-x86_64.AppImage
red_eclipse-development Red_Eclipse-Development https://download.assassinate-you.net/red-eclipse/appimage/latest/redeclipse-master-x86_64.AppImage
red_eclipse-stable Red_Eclipse-stable https://download.assassinate-you.net/red-eclipse/appimage/latest/redeclipse-stable-x86_64.AppImage
repetier-host Repetier-Host http://download.repetier.com/files/host/linux/Repetier-Host-x86_64-2.0.5.AppImage
ricin Ricin https://cdn.konv.im/linux/ricin-0.2.8-glibc2.14-x86-64.appimage
rpcs3 RPCS3 https://rpcs3.net/cdn/builds/rpcs3-v0.0.3-2017-08-18-d6329ea-7707_linux64.AppImage
screencloud ScreenCloud http://download.opensuse.org/repositories/home:/olav-st:/branches:/OBS:/AppImage:/Templates/AppImage/screencloud-latest-x86_64.AppImage
scribus Scribus https://transfer.sh/JjAuJ/Scribus-git5a088ba-glibc2.14.glibc2.14-x86_64.AppImage
serialplot SerialPlot https://bitbucket.org/hyOzd/serialplot/downloads/serialplot-0.9.1-x86_64.AppImage
sigrok Sigrok https://sigrok.org/jenkins/job/sigrok-native-appimage/platform=native-amd64/lastSuccessfulBuild/artifact/cross-compile/appimage/out/PulseView-NIGHTLY.glibc2.14-x86_64.AppImage
sky Sky https://tel.red/linux/sky-latest-x86_64.AppImage
skycoin Skycoin http://downloads.skycoin.net/wallet/skycoin-0.19.0-gui-linux-x64.AppImage
snoost Snoost http://app.snoost.com/client/linux/latest/download/
stopgo StopGo http://makerbox.org.nz/software/stopgo/stopgo-0.0.9/stopgo.AppImage
stremio Stremio http://dl.strem.io/linux/v4.0.0-beta.25/Stremio+4.0.0-beta.25.appimage
subsurface Subsurface https://subsurface-divelog.org/downloads/Subsurface-4.6.4-x86_64.AppImage
superproductivity superProductivity http://super-productivity.com/downloads/superProductivity-latest-x86_64.AppImage
sylk Sylk http://download.ag-projects.com/Sylk/Sylk-latest-x86_64.AppImage
synfigstudio SynfigStudio https://sourceforge.net/projects/synfig/files/snapshots/1.3.4-20170810/SynfigStudio-1.3.4-testing-17.08.10-linux64-9fecd.appimage/download
tagflow TagFlow http://www.tagflow.io/download/linux/appimage/64
taisei taisei http://download.opensuse.org/repositories/home:/lachs0r:/taisei/AppImage/taisei-latest-x86_64.AppImage
texstudio TeXstudio https://dl.bintray.com/unruhschuh/AppImages/TeXstudio-2.10.8-x86_64.AppImage
tubcloud tubCloud https://updates.tubcloud.tu-berlin.de/clients/linux/64/tubCloud-latest.x86_64.AppImage
wastesedge wastesedge http://download.savannah.gnu.org/releases/adonthell/wastesedge-0.3.6-x86_64-linux.tar.gz
xlights xlights https://www.adebenham.com/wp-content/uploads/xlights/xLights-2017.23.glibc2.17-x86_64.AppImage
xnviewmp XnViewMP http://download.xnview.com/XnViewMP.glibc2.14-x86_64.AppImage
