gvim https://api.github.com/repos/vim/vim-appimage/releases/latest
medium-desktop https://api.github.com/repos/ex0dus-0x/medium-desktop/releases/latest
mellowplayer https://api.github.com/repos/ColinDuquesnoy/MellowPlayer/releases/latest
mki3dgame https://api.github.com/repos/mki1967/mki3dgame/releases/latest
neovim https://api.github.com/repos/neovim/neovim/releases/latest
openblok https://api.github.com/repos/mmatyas/openblok/releases/latest
pb-for-desktop https://api.github.com/repos/sidneys/pb-for-desktop/releases/latest
rambox https://api.github.com/repos/saenzramiro/rambox/releases/latest
sabaki https://api.github.com/repos/yishn/Sabaki/releases/latest
spotify https://api.github.com/repos/Quacky2200/Spotify-Web-Player-for-Linux/releases/latest
steam-rom-manager https://api.github.com/repos/FrogTheFrog/steam-rom-manager/releases/latest
stretchly https://api.github.com/repos/hovancik/stretchly/releases/latest
vterm https://api.github.com/repos/vterm/vterm/releases/latest
whatsdesktop https://api.github.com/repos/mawie81/whatsdesktop/releases/latest
