accessimap-lecteur-der https://github.com/makinacorpus/accessimap-lecteur-der/releases https://api.github.com/repos/makinacorpus/accessimap-lecteur-der/releases
AHGequip https://github.com/TroopTrack/AHGequip/releases https://api.github.com/repos/TroopTrack/AHGequip/releases
Aidos https://github.com/AidosKuneen/aidos-wallet/releases https://api.github.com/repos/AidosKuneen/aidos-wallet/releases
Akiee https://github.com/rockiger/akiee-release/releases https://api.github.com/repos/rockiger/akiee-release/releases
Alduin https://github.com/Xstoudi/alduin/releases https://api.github.com/repos/Xstoudi/alduin/releases
amphetype2 https://github.com/coryo/amphetype2/releases https://api.github.com/repos/coryo/amphetype2/releases
AnimationMaker https://github.com/Artanidos/AnimationMaker/releases https://api.github.com/repos/Artanidos/AnimationMaker/releases
appimagetool https://github.com/AppImage/AppImageKit/releases https://api.github.com/repos/AppImage/AppImageKit/releases
AppImageUpdate https://github.com/AppImage/AppImageUpdate/releases https://api.github.com/repos/AppImage/AppImageUpdate/releases
appium-desktop https://github.com/appium/appium-desktop/releases https://api.github.com/repos/appium/appium-desktop/releases
arkona2 https://github.com/uzudil/arkona2/releases https://api.github.com/repos/uzudil/arkona2/releases
BaijiMangaViewer https://github.com/shizkun/manga-viewer/releases https://api.github.com/repos/shizkun/manga-viewer/releases
Belle https://github.com/fr33mind/Belle/releases https://api.github.com/repos/fr33mind/Belle/releases
Billy https://github.com/haimich/billy/releases https://api.github.com/repos/haimich/billy/releases
bnb https://github.com/layerssss/bnb/releases https://api.github.com/repos/layerssss/bnb/releases
BotFramework-Emulator https://github.com/Microsoft/BotFramework-Emulator/releases https://api.github.com/repos/Microsoft/BotFramework-Emulator/releases
Brackets https://github.com/zaggino/brackets-electron/releases https://api.github.com/repos/zaggino/brackets-electron/releases
buttercup https://github.com/buttercup/buttercup-desktop/releases https://api.github.com/repos/buttercup/buttercup-desktop/releases
Calculist https://github.com/calculist/calculist-desktop/releases https://api.github.com/repos/calculist/calculist-desktop/releases
caprine https://github.com/sindresorhus/caprine/releases https://api.github.com/repos/sindresorhus/caprine/releases
Cerebral-Debugger https://github.com/cerebral/cerebral-debugger/releases https://api.github.com/repos/cerebral/cerebral-debugger/releases
Cerebro https://github.com/KELiON/cerebro/releases https://api.github.com/repos/KELiON/cerebro/releases
Chigraph https://github.com/chigraph/chigraph/releases https://api.github.com/repos/chigraph/chigraph/releases
CIAA_SUITE https://github.com/martinribelotta/embedded-ide-builder/releases https://api.github.com/repos/martinribelotta/embedded-ide-builder/releases
Crypter https://github.com/HR/Crypter/releases https://api.github.com/repos/HR/Crypter/releases
CuarzoBrowser https://github.com/CuarzoSoftware/CuarzoBrowser/releases https://api.github.com/repos/CuarzoSoftware/CuarzoBrowser/releases
CubicSDR https://github.com/cjcliffe/CubicSDR/releases https://api.github.com/repos/cjcliffe/CubicSDR/releases
Cumulus https://github.com/vadrian89/cumulus-qt/releases https://api.github.com/repos/vadrian89/cumulus-qt/releases
CutePeaks https://github.com/labsquare/CutePeaks/releases https://api.github.com/repos/labsquare/CutePeaks/releases
danmaQ https://github.com/tuna/danmaQ/releases https://api.github.com/repos/tuna/danmaQ/releases
dat-desktop https://github.com/datproject/dat-desktop/releases https://api.github.com/repos/datproject/dat-desktop/releases
DeDop-studio https://github.com/DeDop/dedop-studio/releases https://api.github.com/repos/DeDop/dedop-studio/releases
devdocs-desktop https://github.com/egoist/devdocs-desktop/releases https://api.github.com/repos/egoist/devdocs-desktop/releases
DeviceInterface https://github.com/free-easy/DeviceInterface/releases https://api.github.com/repos/free-easy/DeviceInterface/releases
devination https://github.com/devination-docs/devination/releases https://api.github.com/repos/devination-docs/devination/releases
devRantron https://github.com/tahnik/devRantron/releases https://api.github.com/repos/tahnik/devRantron/releases
dexter_dev_env https://github.com/cfry/dde/releases https://api.github.com/repos/cfry/dde/releases
donut https://github.com/harshjv/donut/releases https://api.github.com/repos/harshjv/donut/releases
electron-webpack-dashboard https://github.com/FormidableLabs/electron-webpack-dashboard/releases https://api.github.com/repos/FormidableLabs/electron-webpack-dashboard/releases
Emacs https://github.com/probonopd/Emacs.AppImage/releases https://api.github.com/repos/probonopd/Emacs.AppImage/releases
embedded-ide https://github.com/martinribelotta/embedded-ide/releases https://api.github.com/repos/martinribelotta/embedded-ide/releases
Emoty https://github.com/Emotyco/Emoty-Desktop/releases https://api.github.com/repos/Emotyco/Emoty-Desktop/releases
EncryptPad https://github.com/evpo/EncryptPad/releases https://api.github.com/repos/evpo/EncryptPad/releases
EPL-Viz https://github.com/epl-viz/EPL-Viz/releases https://api.github.com/repos/epl-viz/EPL-Viz/releases
erdesigner https://github.com/felix557700/erdesigner/releases https://api.github.com/repos/felix557700/erdesigner/releases
EyeStalker https://github.com/tbrouns/eyestalker/releases https://api.github.com/repos/tbrouns/eyestalker/releases
FastQt https://github.com/labsquare/fastQt/releases https://api.github.com/repos/labsquare/fastQt/releases
fifa-autobuyer https://github.com/hunterjm/fifa-autobuyer/releases https://api.github.com/repos/hunterjm/fifa-autobuyer/releases
Filmulator https://github.com/CarVac/filmulator-gui/releases https://api.github.com/repos/CarVac/filmulator-gui/releases
FreeCAD https://github.com/FreeCAD/FreeCAD/releases https://api.github.com/repos/FreeCAD/FreeCAD/releases
Fulcrum https://github.com/fulcrumapp/fulcrum-desktop/releases https://api.github.com/repos/fulcrumapp/fulcrum-desktop/releases
gggrotto https://github.com/Vladar4/ng2gggrotto/releases https://api.github.com/repos/Vladar4/ng2gggrotto/releases
GradeStats https://github.com/nikolio/GradeStats/releases https://api.github.com/repos/nikolio/GradeStats/releases
GrandView https://github.com/bompi88/grand-view/releases https://api.github.com/repos/bompi88/grand-view/releases
Gulden https://github.com/Gulden/gulden-official/releases https://api.github.com/repos/Gulden/gulden-official/releases
GVim https://github.com/vim/vim-appimage/releases https://api.github.com/repos/vim/vim-appimage/releases
halland-proxy https://github.com/niklasi/halland-proxy/releases https://api.github.com/repos/niklasi/halland-proxy/releases
HomeAssistantElectron https://github.com/matthinc/HomeAssistantElectron/releases https://api.github.com/repos/matthinc/HomeAssistantElectron/releases
hyper https://github.com/zeit/hyper/releases https://api.github.com/repos/zeit/hyper/releases
icestudio https://github.com/FPGAwars/icestudio/releases https://api.github.com/repos/FPGAwars/icestudio/releases
IGdm https://github.com/ifedapoolarewaju/igdm/releases https://api.github.com/repos/ifedapoolarewaju/igdm/releases
iitmnetworkauthapp https://github.com/shahidhk/iitm-network-auth-app/releases https://api.github.com/repos/shahidhk/iitm-network-auth-app/releases
ImagePlay https://github.com/cpvrlab/ImagePlay/releases https://api.github.com/repos/cpvrlab/ImagePlay/releases
Imagine https://github.com/meowtec/Imagine/releases https://api.github.com/repos/meowtec/Imagine/releases
infinite-electron https://github.com/InfiniteLibrary/infinite-electron/releases https://api.github.com/repos/InfiniteLibrary/infinite-electron/releases
Insomnia https://github.com/getinsomnia/insomnia/releases https://api.github.com/repos/getinsomnia/insomnia/releases
iota1k https://github.com/xx10t4/iota1k/releases https://api.github.com/repos/xx10t4/iota1k/releases
iota-wallet https://github.com/iotaledger/iota-gui-beta/releases https://api.github.com/repos/iotaledger/iota-gui-beta/releases
irccloud-desktop https://github.com/irccloud/irccloud-desktop/releases https://api.github.com/repos/irccloud/irccloud-desktop/releases
i-score https://github.com/OSSIA/i-score/releases https://api.github.com/repos/OSSIA/i-score/releases
jiMUD https://github.com/icewolfz/jiMUD/releases https://api.github.com/repos/icewolfz/jiMUD/releases
jumpfm https://github.com/Gilad-Kutiel-App/jumpfm/releases https://api.github.com/repos/Gilad-Kutiel-App/jumpfm/releases
Kaku https://github.com/EragonJ/Kaku/releases https://api.github.com/repos/EragonJ/Kaku/releases
kate_pdf_converter https://github.com/christian-mv/kate_pdf_converter/releases https://api.github.com/repos/christian-mv/kate_pdf_converter/releases
KeePassXC https://github.com/keepassxreboot/keepassxc/releases https://api.github.com/repos/keepassxreboot/keepassxc/releases
Ktube-media-downloader https://github.com/keshavbhatt/Ktube-media-downloader/releases https://api.github.com/repos/keshavbhatt/Ktube-media-downloader/releases
LabPowerQt https://github.com/crapp/labpowerqt/releases https://api.github.com/repos/crapp/labpowerqt/releases
langly https://github.com/christofferok/langly/releases https://api.github.com/repos/christofferok/langly/releases
Lepton https://github.com/hackjutsu/Lepton/releases https://api.github.com/repos/hackjutsu/Lepton/releases
linuxdeployqt https://github.com/probonopd/linuxdeployqt/releases https://api.github.com/repos/probonopd/linuxdeployqt/releases
linux-quiz-generator https://github.com/janekolszak/quizgenerator/releases https://api.github.com/repos/janekolszak/quizgenerator/releases
lisk-nano https://github.com/LiskHQ/lisk-nano/releases https://api.github.com/repos/LiskHQ/lisk-nano/releases
marlin-conf https://github.com/akaJes/marlin-config/releases https://api.github.com/repos/akaJes/marlin-config/releases
mead https://github.com/perry-mitchell/mead/releases https://api.github.com/repos/perry-mitchell/mead/releases
media_mate https://github.com/willyb321/media_mate/releases https://api.github.com/repos/willyb321/media_mate/releases
medium-desktop https://github.com/ex0dus-0x/medium-desktop/releases https://api.github.com/repos/ex0dus-0x/medium-desktop/releases
MellowPlayer https://github.com/ColinDuquesnoy/MellowPlayer/releases https://api.github.com/repos/ColinDuquesnoy/MellowPlayer/releases
MineTime https://github.com/marcoancona/MineTime/releases https://api.github.com/repos/marcoancona/MineTime/releases
MisRCON https://github.com/csprance/MisRCON/releases https://api.github.com/repos/csprance/MisRCON/releases
Mitmproxy https://github.com/nandub/Mitmproxy.AppImage/releases https://api.github.com/repos/nandub/Mitmproxy.AppImage/releases
mki3dgame https://github.com/mki1967/mki3dgame/releases https://api.github.com/repos/mki1967/mki3dgame/releases
MultiDir https://github.com/OneMoreGres/multidir/releases https://api.github.com/repos/OneMoreGres/multidir/releases
mycard https://github.com/moecube/moecube/releases https://api.github.com/repos/moecube/moecube/releases
NCSA_Mosaic https://github.com/AppImage/NCSA-Mosaic-AppImage/releases https://api.github.com/repos/AppImage/NCSA-Mosaic-AppImage/releases
Neon https://github.com/CityOfZion/neon-wallet/releases https://api.github.com/repos/CityOfZion/neon-wallet/releases
neovim https://github.com/neovim/neovim/releases https://api.github.com/repos/neovim/neovim/releases
nfeh https://github.com/fa7ad/nfeh/releases https://api.github.com/repos/fa7ad/nfeh/releases
nteract https://github.com/nteract/releases https://api.github.com/repos/nteract/releases
nuclear https://github.com/nukeop/nuclear/releases https://api.github.com/repos/nukeop/nuclear/releases
Onshape https://github.com/develar/onshape-desktop-shell/releases https://api.github.com/repos/develar/onshape-desktop-shell/releases
OpenBlok https://github.com/mmatyas/openblok/releases https://api.github.com/repos/mmatyas/openblok/releases
OpenShot http://github.com/OpenShot/openshot-qt/releases https://api.github.com/repos/OpenShot/openshot-qt/releases
OTPManager https://github.com/Adpa18/OTPManager-build/releases https://api.github.com/repos/Adpa18/OTPManager-build/releases
PacketSender https://github.com/dannagle/PacketSender/releases https://api.github.com/repos/dannagle/PacketSender/releases
PatternPaint https://github.com/Blinkinlabs/PatternPaint/releases https://api.github.com/repos/Blinkinlabs/PatternPaint/releases
pb-for-desktop https://github.com/sidneys/pb-for-desktop/releases https://api.github.com/repos/sidneys/pb-for-desktop/releases
Peerio https://github.com/PeerioTechnologies/peerio-desktop/releases https://api.github.com/repos/PeerioTechnologies/peerio-desktop/releases
PhotoFlow https://github.com/aferrero2707/PhotoFlow/releases https://api.github.com/repos/aferrero2707/PhotoFlow/releases
pipam https://github.com/pipam/pipam/releases https://api.github.com/repos/pipam/pipam/releases
PixivDeck https://github.com/akameco/PixivDeck/releases https://api.github.com/repos/akameco/PixivDeck/releases
Pixsrt https://github.com/thorpelawrence/pixsrt/releases https://api.github.com/repos/thorpelawrence/pixsrt/releases
Plover https://github.com/openstenoproject/plover/releases https://api.github.com/repos/openstenoproject/plover/releases
PokeNurse https://github.com/vinnymac/PokeNurse/releases https://api.github.com/repos/vinnymac/PokeNurse/releases
Popcorn_Time https://github.com/amilajack/popcorn-time-desktop/releases https://api.github.com/repos/amilajack/popcorn-time-desktop/releases
PowerShell https://github.com/PowerShell/PowerShell/releases https://api.github.com/repos/PowerShell/PowerShell/releases
prexview-studio https://github.com/prexview/prexview-studio/releases https://api.github.com/repos/prexview/prexview-studio/releases
PupaFM https://github.com/xwartz/PupaFM/releases https://api.github.com/repos/xwartz/PupaFM/releases
QGroundControl https://github.com/mavlink/qgroundcontrol/releases https://api.github.com/repos/mavlink/qgroundcontrol/releases
QNapi https://github.com/QNapi/qnapi/releases https://api.github.com/repos/QNapi/qnapi/releases
Qt_DAB https://github.com/JvanKatwijk/qt-dab/releases https://api.github.com/repos/JvanKatwijk/qt-dab/releases
QuarkShell https://github.com/freemountain/quark/releases https://api.github.com/repos/freemountain/quark/releases
Rakudo_Star https://github.com/samcv/rakudo-appimage-module-test-automation/releases https://api.github.com/repos/samcv/rakudo-appimage-module-test-automation/releases
Rambox https://github.com/saenzramiro/rambox/releases https://api.github.com/repos/saenzramiro/rambox/releases
RedmineTimeTracker https://github.com/ujiro99/RedmineTimeTracker/releases https://api.github.com/repos/ujiro99/RedmineTimeTracker/releases
redmine_tracker https://github.com/Strnadj/redmine_tracker/releases https://api.github.com/repos/Strnadj/redmine_tracker/releases
RedTimer https://github.com/fathomssen/redtimer/releases https://api.github.com/repos/fathomssen/redtimer/releases
ReliefValve https://github.com/l3laze/ReliefValve/releases https://api.github.com/repos/l3laze/ReliefValve/releases
Sabaki https://github.com/yishn/Sabaki/releases https://api.github.com/repos/yishn/Sabaki/releases
sACNView https://github.com/docsteer/sacnview/releases https://api.github.com/repos/docsteer/sacnview/releases
ScienceFair https://github.com/codeforscience/sciencefair/releases https://api.github.com/repos/codeforscience/sciencefair/releases
Shadowsocks https://github.com/shadowsocks/shadowsocks-qt5/releases https://api.github.com/repos/shadowsocks/shadowsocks-qt5/releases
sharexin https://github.com/ShareXin/ShareXin/releases https://api.github.com/repos/ShareXin/ShareXin/releases
ShareXin https://github.com/ShareXin/ShareXin/releases https://api.github.com/repos/ShareXin/ShareXin/releases
shots https://github.com/binjospookie/--shots/releases https://api.github.com/repos/binjospookie/--shots/releases
SigmaSpectra https://github.com/arkottke/sigmaspectra/releases https://api.github.com/repos/arkottke/sigmaspectra/releases
simple-updater-example https://github.com/megahertz/electron-simple-updater/releases https://api.github.com/repos/megahertz/electron-simple-updater/releases
Skrifa https://github.com/Skrifa/Skrifa/releases https://api.github.com/repos/Skrifa/Skrifa/releases
Slic3r_PE https://github.com/prusa3d/Slic3r/releases https://api.github.com/repos/prusa3d/Slic3r/releases
spectrum-editor https://github.com/thorpelawrence/spectrum-editor/releases https://api.github.com/repos/thorpelawrence/spectrum-editor/releases
spotifywebplayer https://github.com/Quacky2200/Spotify-Web-Player-for-Linux/releases https://api.github.com/repos/Quacky2200/Spotify-Web-Player-for-Linux/releases
Stacer https://github.com/oguzhaninan/Stacer/releases https://api.github.com/repos/oguzhaninan/Stacer/releases
Standard_Notes https://github.com/standardnotes/desktop/releases https://api.github.com/repos/standardnotes/desktop/releases
steam-rom-manager https://github.com/FrogTheFrog/steam-rom-manager/releases https://api.github.com/repos/FrogTheFrog/steam-rom-manager/releases
stellar-portal https://github.com/pakokrew/stellar-portal/releases https://api.github.com/repos/pakokrew/stellar-portal/releases
Stemn https://github.com/Stemn/Stemn-Desktop/releases https://api.github.com/repos/Stemn/Stemn-Desktop/releases
Stencila https://github.com/stencila/desktop/releases https://api.github.com/repos/stencila/desktop/releases
StickyPlatforms https://github.com/ranjak/StickyPlatforms/releases https://api.github.com/repos/ranjak/StickyPlatforms/releases
StopLight https://github.com/stoplightio/desktop/releases https://api.github.com/repos/stoplightio/desktop/releases
stretchly https://github.com/hovancik/stretchly/releases https://api.github.com/repos/hovancik/stretchly/releases
Subvertise https://github.com/nullism/subvertise/releases https://api.github.com/repos/nullism/subvertise/releases
Summoners.War.Exporter https://github.com/Xzandro/sw-exporter/releases https://api.github.com/repos/Xzandro/sw-exporter/releases
TagTime-desktop https://github.com/mykter/TagTime-desktop/releases https://api.github.com/repos/mykter/TagTime-desktop/releases
Teleprompter https://github.com/ImaginarySense/Teleprompter-Electron/releases https://api.github.com/repos/ImaginarySense/Teleprompter-Electron/releases
tc-linux https://github.com/mccxiv/tc https://api.github.com/repos/mccxiv/tc/releases
Tiled https://github.com/bjorn/tiled/releases https://api.github.com/repos/bjorn/tiled/releases
Tockler https://github.com/MayGo/tockler/releases https://api.github.com/repos/MayGo/tockler/releases
tomorrow-exchange https://github.com/uvarovserge/tomorrowex-client/releases https://api.github.com/repos/uvarovserge/tomorrowex-client/releases
TournamenterApp https://github.com/ivanseidel/TournamenterApp/releases https://api.github.com/repos/ivanseidel/TournamenterApp/releases
Transcribe https://github.com/p-edelman/Transcribe/releases https://api.github.com/repos/p-edelman/Transcribe/releases
Tulip https://github.com/tulip5/tulip/releases https://api.github.com/repos/tulip5/tulip/releases
Tumblr_Downloader_GUI https://github.com/neuro-sys/tumblr-downloader-client/releases https://api.github.com/repos/neuro-sys/tumblr-downloader-client/releases
Tusk https://github.com/champloohq/tusk/releases https://api.github.com/repos/champloohq/tusk/releases
ubports-installer https://github.com/ubports/ubports-installer/releases https://api.github.com/repos/ubports/ubports-installer/releases
Unicode https://github.com/nirooj56/unicode/releases https://api.github.com/repos/nirooj56/unicode/releases
unified-communications https://github.com/aricovindanevectone/hari/releases https://api.github.com/repos/aricovindanevectone/hari/releases
unoffical-sonos-controller-for-linux https://github.com/pascalopitz/unoffical-sonos-controller-for-linux/releases https://api.github.com/repos/pascalopitz/unoffical-sonos-controller-for-linux/releases
unofficial-desktop-for-ynab https://github.com/toolkit-for-ynab/unofficial-desktop-for-ynab/releases https://api.github.com/repos/toolkit-for-ynab/unofficial-desktop-for-ynab/releases
unreel https://github.com/linux-man/unreel/releases https://api.github.com/repos/linux-man/unreel/releases
upterm https://github.com/railsware/upterm/releases https://api.github.com/repos/railsware/upterm/releases
Vespucci https://github.com/VespucciProject/Vespucci/releases https://api.github.com/repos/VespucciProject/Vespucci/releases
Vessel https://github.com/aaroncox/vessel/releases https://api.github.com/repos/aaroncox/vessel/releases
violetbug https://github.com/belltown/violetbug/releases https://api.github.com/repos/belltown/violetbug/releases
VNote https://github.com/tamlok/vnote/releases https://api.github.com/repos/tamlok/vnote/releases
webrecorderplayer-electron https://github.com/webrecorder/webrecorderplayer-electron/releases https://api.github.com/repos/webrecorder/webrecorderplayer-electron/releases
welle.io https://github.com/AlbrechtL/welle.io/releases https://api.github.com/repos/AlbrechtL/welle.io/releases
weweChat https://github.com/trazyn/weweChat/releases https://api.github.com/repos/trazyn/weweChat/releases
WhatsDesktop https://github.com/mawie81/whatsdesktop/releases https://api.github.com/repos/mawie81/whatsdesktop/releases
Wire https://github.com/wireapp/wire-desktop/releases https://api.github.com/repos/wireapp/wire-desktop/releases
WorkFlowy https://github.com/workflowy/desktop/releases https://api.github.com/repos/workflowy/desktop/releases
xde https://github.com/expo/xde/releases https://api.github.com/repos/expo/xde/releases
zulip-electron https://github.com/zulip/zulip-electron/releases https://api.github.com/repos/zulip/zulip-electron/releases
